
> trendizip@0.1.0 build
> next build

   ▲ Next.js 15.5.9
   - Environments: .env

   Creating an optimized production build ...

[1m[33mwarn[39m[22m - The class `duration-[1.5s]` is ambiguous and matches multiple utilities.
[1m[33mwarn[39m[22m - If this is content and not a class, replace it with `duration-&lsqb;1.5s&rsqb;` to silence this warning.

[1m[33mwarn[39m[22m - The class `duration-[1000ms]` is ambiguous and matches multiple utilities.
[1m[33mwarn[39m[22m - If this is content and not a class, replace it with `duration-&lsqb;1000ms&rsqb;` to silence this warning.

[1m[33mwarn[39m[22m - The class `duration-[2.5s]` is ambiguous and matches multiple utilities.
[1m[33mwarn[39m[22m - If this is content and not a class, replace it with `duration-&lsqb;2.5s&rsqb;` to silence this warning.

[1m[33mwarn[39m[22m - The class `duration-[2000ms]` is ambiguous and matches multiple utilities.
[1m[33mwarn[39m[22m - If this is content and not a class, replace it with `duration-&lsqb;2000ms&rsqb;` to silence this warning.

[1m[33mwarn[39m[22m - The class `duration-[2s]` is ambiguous and matches multiple utilities.
[1m[33mwarn[39m[22m - If this is content and not a class, replace it with `duration-&lsqb;2s&rsqb;` to silence this warning.
 ✓ Compiled successfully in 16.1s
   Linting and checking validity of types ...

Failed to compile.

./lib/supabase.ts
10:13  Error: Unexpected any. Specify a different type.  @typescript-eslint/no-explicit-any
14:13  Error: Unexpected any. Specify a different type.  @typescript-eslint/no-explicit-any

info  - Need to disable some ESLint rules? Learn more here: https://nextjs.org/docs/app/api-reference/config/eslint#disabling-rules
